{
    "failed_checks": [
        {
            "file": "/dev-dependencies/Dockerfile",
            "findings": [
                {
                    "resource": "/dev-dependencies/Dockerfile.",
                    "check_ids": [
                    ]
                }
            ]
        },
        {
            "file": "/Dockerfile",
            "findings": [
                {
                    "resource": "/Dockerfile.",
                    "check_ids": [
                    ]
                }
            ]
        }
    ]
}
